// Jest Snapshot v1, https://goo.gl/fbAQLP

exports[`add article component shows article form 1`] = `"<form><h1>Add new Article</h1><div><label><strong>Category:</strong> <input value=\\"\\"></label></div><div><label><strong>Title:</strong> <input value=\\"\\"></label></div><div><label><strong>Author:</strong> <input value=\\"\\"></label></div><div><label><strong>Text:</strong> <input value=\\"\\"></label></div></form>"`;
